
> whatsapp-commerce-hub@0.1.0 build
> next build

  ▲ Next.js 14.2.35
  - Environments: .env

   Creating an optimized production build ...
[baseline-browser-mapping] The data in this module is over two months old.  To ensure accurate Baseline data, please update: `npm i baseline-browser-mapping@latest -D`
Browserslist: browsers data (caniuse-lite) is 7 months old. Please run:
  npx update-browserslist-db@latest
  Why you should do it regularly: https://github.com/browserslist/update-db#readme
 ✓ Compiled successfully
   Linting and checking validity of types ...
   Collecting page data ...
   Generating static pages (0/28) ...
[requireRequestUserId] Invalid access token: Dynamic server usage: Route /api/whatsapp-templates couldn't be rendered statically because it used `request.cookies`. See more info here: https://nextjs.org/docs/messages/dynamic-server-error
Get user error: B [Error]: Dynamic server usage: Route /api/auth/me couldn't be rendered statically because it used `request.cookies`. See more info here: https://nextjs.org/docs/messages/dynamic-server-error
    at V (/Users/mdaqil/Documents/Whatspp-api-order-notification/node_modules/next/dist/compiled/next-server/app-route.runtime.prod.js:6:21778)
    at Object.get (/Users/mdaqil/Documents/Whatspp-api-order-notification/node_modules/next/dist/compiled/next-server/app-route.runtime.prod.js:6:29465)
    at p (/Users/mdaqil/Documents/Whatspp-api-order-notification/.next/server/app/api/auth/me/route.js:1:1467)
    at /Users/mdaqil/Documents/Whatspp-api-order-notification/node_modules/next/dist/compiled/next-server/app-route.runtime.prod.js:6:38417
    at /Users/mdaqil/Documents/Whatspp-api-order-notification/node_modules/next/dist/server/lib/trace/tracer.js:140:36
    at NoopContextManager.with (/Users/mdaqil/Documents/Whatspp-api-order-notification/node_modules/next/dist/compiled/@opentelemetry/api/index.js:1:7062)
    at ContextAPI.with (/Users/mdaqil/Documents/Whatspp-api-order-notification/node_modules/next/dist/compiled/@opentelemetry/api/index.js:1:518)
    at NoopTracer.startActiveSpan (/Users/mdaqil/Documents/Whatspp-api-order-notification/node_modules/next/dist/compiled/@opentelemetry/api/index.js:1:18093)
    at ProxyTracer.startActiveSpan (/Users/mdaqil/Documents/Whatspp-api-order-notification/node_modules/next/dist/compiled/@opentelemetry/api/index.js:1:18854)
    at /Users/mdaqil/Documents/Whatspp-api-order-notification/node_modules/next/dist/server/lib/trace/tracer.js:122:103 {
  description: "Route /api/auth/me couldn't be rendered statically because it used `request.cookies`. See more info here: https://nextjs.org/docs/messages/dynamic-server-error",
  digest: 'DYNAMIC_SERVER_USAGE'
}
   Generating static pages (7/28) 
   Generating static pages (14/28) 
   Generating static pages (21/28) 
 ✓ Generating static pages (28/28)
   Finalizing page optimization ...
   Collecting build traces ...

Route (app)                                   Size     First Load JS
┌ ○ /                                         417 B          87.8 kB
├ ○ /_not-found                               875 B          88.2 kB
├ ƒ /api/[[...path]]                          0 B                0 B
├ ƒ /api/auth/login                           0 B                0 B
├ ƒ /api/auth/logout                          0 B                0 B
├ ƒ /api/auth/me                              0 B                0 B
├ ƒ /api/auth/register                        0 B                0 B
├ ƒ /api/campaigns                            0 B                0 B
├ ƒ /api/campaigns/[id]                       0 B                0 B
├ ƒ /api/campaigns/[id]/send                  0 B                0 B
├ ƒ /api/uploads/campaign-image               0 B                0 B
├ ƒ /api/wa-config                            0 B                0 B
├ ƒ /api/webhook-logs                         0 B                0 B
├ ƒ /api/webhook/custom                       0 B                0 B
├ ƒ /api/webhooks/registered                  0 B                0 B
├ ƒ /api/whatsapp-accounts                    0 B                0 B
├ ƒ /api/whatsapp-templates                   0 B                0 B
├ ƒ /api/wordpress-connections                0 B                0 B
├ ƒ /api/wordpress-connections/connect-token  0 B                0 B
├ ƒ /api/wordpress-connections/handshake      0 B                0 B
├ ○ /dashboard                                2.19 kB        98.8 kB
├ ○ /dashboard/automations                    34.2 kB         168 kB
├ ○ /dashboard/campaigns                      7.59 kB         138 kB
├ ○ /dashboard/chat                           16.2 kB         133 kB
├ ○ /dashboard/orders                         3.26 kB        99.9 kB
├ ○ /dashboard/send-catalog                   9.19 kB         143 kB
├ ○ /dashboard/settings                       12.9 kB         130 kB
└ ○ /login                                    1.22 kB        88.6 kB
+ First Load JS shared by all                 87.3 kB
  ├ chunks/117-888c35ae4a97651e.js            31.7 kB
  ├ chunks/fd9d1056-31cd4e5e32ed9a2a.js       53.7 kB
  └ other shared chunks (total)               1.94 kB


○  (Static)   prerendered as static content
ƒ  (Dynamic)  server-rendered on demand


> whatsapp-commerce-hub@0.1.0 postbuild
> node scripts/prepare-standalone.js

Copied .next/static -> .next/standalone/.next/static
Copied public -> .next/standalone/public
